     1                                  bits 32 ; assembling for the 32 bits architecture
     2                                  
     3                                  ; declare the EntryPoint (a label defining the very first instruction of the program)
     4                                  global start        
     5                                  
     6                                  ; declare external functions needed by our program
     7                                  extern exit, fopen, fclose, fprintf, fread              ; tell nasm that exit exists even if we won't be defining it
     8                                  import exit msvcrt.dll    ; exit is a function that ends the calling process. It is defined in msvcrt.dll
     9                                                            ; msvcrt.dll contains exit, printf and all the other important C-runtime specific functions
    10                                  import fopen msvcrt.dll
    11                                  import fclose msvcrt.dll
    12                                  import fprintf msvcrt.dll
    13                                  import fread msvcrt.dll
    14                                  
    15                                  ; our data is declared here (the variables needed by our program)
    16                                  segment data use32 class=data
    17                                      len equ 100
    18 00000000 00<rept>                    text1 times len db 0
    19 00000064 00<rept>                    text2 times len db 0
    20 000000C8 7200                        access_mode1 db "r", 0
    21 000000CA 7700                        access_mode2 db "w", 0
    22 000000CC 6578365F66696C655F-         file_name1 db "ex6_file_in.txt", 0
    22 000000D5 696E2E74787400     
    23 000000DC 6578365F66696C655F-         file_name2 db "ex6_file_out.txt", 0
    23 000000E5 6F75742E74787400   
    24 000000ED FFFFFFFF                    file_descriptor dd -1
    25                                  
    26                                  ; our code starts here
    27                                  segment code use32 class=code
    28                                      start:
    29 00000000 68[C8000000]                    push dword access_mode1
    30 00000005 68[CC000000]                    push dword file_name1
    31 0000000A FF15[00000000]                  call [fopen]
    32 00000010 83C408                          add esp, 4 * 2
    33                                          
    34 00000013 A3[ED000000]                    mov [file_descriptor], eax
    35 00000018 83F800                          cmp eax, 0
    36 0000001B 747A                            je final
    37                                          
    38 0000001D FF35[ED000000]                  push dword [file_descriptor]
    39 00000023 6A64                            push dword len
    40 00000025 6A01                            push dword 1
    41 00000027 68[00000000]                    push text1
    42 0000002C FF15[00000000]                  call [fread]
    43 00000032 83C410                          add esp, 4 * 4
    44                                          
    45 00000035 89C1                            mov ecx, eax
    46 00000037 BE[00000000]                    mov esi, text1
    47 0000003C BF[64000000]                    mov edi, text2
    48                                          
    49 00000041 FC                              cld
    50 00000042 E353                            jecxz final
    51                                          convert_lowercase_letters:
    52 00000044 AC                                  lodsb
    53 00000045 3C61                                cmp al, 97
    54 00000047 720B                                jb skip
    55                                              
    56 00000049 3C7A                                cmp al, 122
    57 0000004B 7707                                ja skip
    58 0000004D 2C20                                sub al, 32
    59 0000004F AA                                  stosb
    60 00000050 E2F2                            loop convert_lowercase_letters
    61 00000052 EB03                            jmp print_to_file
    62                                          
    63                                          skip:
    64 00000054 AA                                  stosb
    65 00000055 E2ED                            loop convert_lowercase_letters
    66                                          
    67                                          print_to_file:
    68 00000057 FF35[ED000000]                  push dword [file_descriptor]
    69 0000005D FF15[00000000]                  call [fclose]
    70 00000063 83C404                          add esp, 4
    71                                          
    72 00000066 68[CA000000]                    push dword access_mode2
    73 0000006B 68[DC000000]                    push dword file_name2
    74 00000070 FF15[00000000]                  call [fopen]
    75 00000076 83C408                          add esp, 4 * 2
    76 00000079 A3[ED000000]                    mov [file_descriptor], eax
    77 0000007E 83F800                          cmp eax, 0
    78 00000081 7414                            je final
    79                                          
    80 00000083 68[64000000]                    push dword text2
    81 00000088 FF35[ED000000]                  push dword [file_descriptor]
    82 0000008E FF15[00000000]                  call [fprintf]
    83 00000094 83C408                          add esp, 4 * 2
    84                                          
    85                                          final:
    86 00000097 FF35[ED000000]                  push dword [file_descriptor]
    87 0000009D FF15[00000000]                  call [fclose]
    88 000000A3 83C404                          add esp, 4
    89                                          ; exit(0)
    90 000000A6 6A00                            push    dword 0      ; push the parameter for exit onto the stack
    91 000000A8 FF15[00000000]                  call    [exit]       ; call exit to terminate the program
