     1                                  bits 32 ; assembling for the 32 bits architecture
     2                                  
     3                                  ; declare the EntryPoint (a label defining the very first instruction of the program)
     4                                  global start        
     5                                  
     6                                  ; declare external functions needed by our program
     7                                  extern exit               ; tell nasm that exit exists even if we won't be defining it
     8                                  import exit msvcrt.dll    ; exit is a function that ends the calling process. It is defined in msvcrt.dll
     9                                                            ; msvcrt.dll contains exit, printf and all the other important C-runtime specific functions
    10                                  
    11                                  ; our data is declared here (the variables needed by our program)
    12                                  segment data use32 class=data
    13 00000000 03                          a db 3
    14 00000001 02                          b db 2
    15 00000002 01                          c db 1; 03 02 01
    16                                  
    17                                  ; our code starts here
    18                                  segment code use32 class=code
    19                                      start:
    20                                          ;(a-c)*3+b*b = 2 * 3 + 4 = 10 = 000A
    21                                          
    22 00000000 A0[00000000]                    mov AL, [a]
    23 00000005 2A05[02000000]                  sub AL, [c]
    24 0000000B B303                            mov BL, 3
    25 0000000D F6E3                            mul BL ;AX = (a-c) * 3
    26                                          
    27 0000000F 6689C1                          mov CX, AX ;CX = (a - c) * 3
    28 00000012 A0[01000000]                    mov AL, [b]
    29 00000017 8A1D[01000000]                  mov BL, [b]
    30 0000001D F6E3                            mul BL ;AX = AL * b
    31 0000001F 6601C1                          add CX, AX ;CX = (a - c) * 3 + b * b
    32                                      
    33                                          ; exit(0)
    34 00000022 6A00                            push    dword 0      ; push the parameter for exit onto the stack
    35 00000024 FF15[00000000]                  call    [exit]       ; call exit to terminate the program
